<?xml version="1.0" encoding="utf-8"?>
<TestRun id="f3e878f2-6c94-459a-89be-ca673755720f" name="@runnervmliwqe 2026-08-02 23:30:21" xmlns="http://microsoft.com/schemas/VisualStudio/TeamTest/2010">
  <Times creation="2026-08-02T23:30:21.6393117+00:00" queuing="2026-08-02T23:30:21.6393119+00:00" start="2026-08-02T23:30:18.6377796+00:00" finish="2026-08-02T23:30:24.3663627+00:00" />
  <TestSettings name="default" id="fe2cb45f-2a30-45f5-9644-835060abb1e6">
    <Deployment runDeploymentRoot="_runnervmliwqe_2026-08-02_23_30_21" />
  </TestSettings>
  <Results>
    <UnitTestResult executionId="f3d9cf22-76fc-4ff3-9a3b-99f361562d20" testId="b75181a9-0ec4-2ff3-9e36-471de6d930df" testName="UnitTests.Data.Repositories.GenericRepositoryTests.GenericRepositoryConstructs" computerName="runnervmliwqe" duration="00:00:00.0010000" startTime="2026-08-02T23:30:23.6081910+00:00" endTime="2026-08-02T23:30:23.6301220+00:00" testType="13cdc9d9-ddb5-4fa4-a97d-d965ccfc6d4b" outcome="Passed" testListId="8c84fa94-04c1-424b-9868-57a2d4851a1d" relativeResultsDirectory="f3d9cf22-76fc-4ff3-9a3b-99f361562d20" />
    <UnitTestResult executionId="974b8f3d-3f19-4a62-afcc-b5411d94a92d" testId="20272210-340c-8b95-1194-eff3787f3e46" testName="UnitTests.Data.Repositories.GenericRepositoryTests.GenericRepositoryGetsAll(iterations: 1)" computerName="runnervmliwqe" duration="00:00:00.0150000" startTime="2026-08-02T23:30:23.0614160+00:00" endTime="2026-08-02T23:30:23.0843710+00:00" testType="13cdc9d9-ddb5-4fa4-a97d-d965ccfc6d4b" outcome="Passed" testListId="8c84fa94-04c1-424b-9868-57a2d4851a1d" relativeResultsDirectory="974b8f3d-3f19-4a62-afcc-b5411d94a92d" />
    <UnitTestResult executionId="0b0983e2-aea3-4856-8f28-a2ff866c6e5a" testId="51955c3e-f169-8197-3589-9f75f3dbe46a" testName="UnitTests.Services.Items.UpdateItemDtoValidatorTests.ValidEntity_ReturnsSuccess" computerName="runnervmliwqe" duration="00:00:00.0010000" startTime="2026-08-02T23:30:22.4147490+00:00" endTime="2026-08-02T23:30:22.4298110+00:00" testType="13cdc9d9-ddb5-4fa4-a97d-d965ccfc6d4b" outcome="Passed" testListId="8c84fa94-04c1-424b-9868-57a2d4851a1d" relativeResultsDirectory="0b0983e2-aea3-4856-8f28-a2ff866c6e5a" />
    <UnitTestResult executionId="c97f5bdb-02d1-461f-a135-fa57f2dd2c48" testId="fa8b1269-424e-d13f-7573-eac483855819" testName="UnitTests.Controllers.ItemControllerTests.DeleteItem_Deletes(itemId: 10)" computerName="runnervmliwqe" duration="00:00:00.0160000" startTime="2026-08-02T23:30:22.6581190+00:00" endTime="2026-08-02T23:30:22.6965410+00:00" testType="13cdc9d9-ddb5-4fa4-a97d-d965ccfc6d4b" outcome="Passed" testListId="8c84fa94-04c1-424b-9868-57a2d4851a1d" relativeResultsDirectory="c97f5bdb-02d1-461f-a135-fa57f2dd2c48" />
    <UnitTestResult executionId="252b2096-c6b2-4b5e-8082-d4515c419940" testId="81cc43d9-8c80-da23-fbb4-6a3d2970824d" testName="UnitTests.Controllers.ServiceRouteMapperTests.RegisterRoutes_RegistersAtLestOneRoute" computerName="runnervmliwqe" duration="00:00:00.0190000" startTime="2026-08-02T23:30:21.5642880+00:00" endTime="2026-08-02T23:30:21.5846000+00:00" testType="13cdc9d9-ddb5-4fa4-a97d-d965ccfc6d4b" outcome="Passed" testListId="8c84fa94-04c1-424b-9868-57a2d4851a1d" relativeResultsDirectory="252b2096-c6b2-4b5e-8082-d4515c419940" />
    <UnitTestResult executionId="ddaffd22-9422-4a6b-9048-71d9f4616201" testId="c08d3024-24a3-dfd7-35fb-0af4da1be41c" testName="UnitTests.Services.Items.ItemServiceTests.CreateItem_Creates" computerName="runnervmliwqe" duration="00:00:00.1810000" startTime="2026-08-02T23:30:21.3346200+00:00" endTime="2026-08-02T23:30:21.6619160+00:00" testType="13cdc9d9-ddb5-4fa4-a97d-d965ccfc6d4b" outcome="Passed" testListId="8c84fa94-04c1-424b-9868-57a2d4851a1d" relativeResultsDirectory="ddaffd22-9422-4a6b-9048-71d9f4616201" />
    <UnitTestResult executionId="2112f729-73c1-4e64-858a-31092d8d3077" testId="ca2fec35-7917-d8b3-45aa-867bc3628911" testName="UnitTests.Data.Entities.ItemTests.ItemPropertiesPersist(id: 2, name: &quot;Name2&quot;, description: &quot;Description2&quot;)" computerName="runnervmliwqe" duration="00:00:00.0190000" startTime="2026-08-02T23:30:21.6274810+00:00" endTime="2026-08-02T23:30:21.6475290+00:00" testType="13cdc9d9-ddb5-4fa4-a97d-d965ccfc6d4b" outcome="Passed" testListId="8c84fa94-04c1-424b-9868-57a2d4851a1d" relativeResultsDirectory="2112f729-73c1-4e64-858a-31092d8d3077" />
    <UnitTestResult executionId="f9eedfcb-4cc8-41a3-a631-8ba97999d744" testId="110cc41d-29a2-9279-99dc-f27a2281aada" testName="UnitTests.StartupTests.Startup_RegistersAllRequiredServices" computerName="runnervmliwqe" duration="00:00:00.0150000" startTime="2026-08-02T23:30:22.5119770+00:00" endTime="2026-08-02T23:30:22.6727850+00:00" testType="13cdc9d9-ddb5-4fa4-a97d-d965ccfc6d4b" outcome="Passed" testListId="8c84fa94-04c1-424b-9868-57a2d4851a1d" relativeResultsDirectory="f9eedfcb-4cc8-41a3-a631-8ba97999d744" />
    <UnitTestResult executionId="ce625779-933b-4cdb-b39f-20ad6dd362f2" testId="36c68f6a-618c-9531-3e2e-cd6a7051a0a0" testName="UnitTests.Services.Items.UpdateItemDtoValidatorTests.RequiresName(name: null)" computerName="runnervmliwqe" duration="00:00:00.0010000" startTime="2026-08-02T23:30:22.3398630+00:00" endTime="2026-08-02T23:30:22.3525050+00:00" testType="13cdc9d9-ddb5-4fa4-a97d-d965ccfc6d4b" outcome="Passed" testListId="8c84fa94-04c1-424b-9868-57a2d4851a1d" relativeResultsDirectory="ce625779-933b-4cdb-b39f-20ad6dd362f2" />
    <UnitTestResult executionId="c1bd071a-bf50-4318-94ae-3e7d77a4b134" testId="2b9eeefb-40f0-28cc-b56f-d5142407c019" testName="UnitTests.Services.Items.CreateItemDtoValidatorTests.RequiresName(name: null)" computerName="runnervmliwqe" duration="00:00:00.3750000" startTime="2026-08-02T23:30:20.9405950+00:00" endTime="2026-08-02T23:30:21.3848370+00:00" testType="13cdc9d9-ddb5-4fa4-a97d-d965ccfc6d4b" outcome="Passed" testListId="8c84fa94-04c1-424b-9868-57a2d4851a1d" relativeResultsDirectory="c1bd071a-bf50-4318-94ae-3e7d77a4b134" />
    <UnitTestResult executionId="3e08a342-2238-49a6-842d-64e4aa0c172e" testId="b51c1be1-87ad-aecb-5eb0-76972efdcc49" testName="UnitTests.Services.Items.CreateItemDtoValidatorTests.RequiresName(name: &quot;&quot;)" computerName="runnervmliwqe" duration="00:00:00.0010000" startTime="2026-08-02T23:30:21.4353390+00:00" endTime="2026-08-02T23:30:21.4600020+00:00" testType="13cdc9d9-ddb5-4fa4-a97d-d965ccfc6d4b" outcome="Passed" testListId="8c84fa94-04c1-424b-9868-57a2d4851a1d" relativeResultsDirectory="3e08a342-2238-49a6-842d-64e4aa0c172e" />
    <UnitTestResult executionId="09117005-de6e-4fb1-ab63-5ba54bd8fa27" testId="a59558fc-da57-70d4-d51b-006c46a3cd4f" testName="UnitTests.Data.Repositories.GenericRepositoryTests.GenericRepositoryUpdates" computerName="runnervmliwqe" duration="00:00:00.0240000" startTime="2026-08-02T23:30:23.5077200+00:00" endTime="2026-08-02T23:30:23.5290360+00:00" testType="13cdc9d9-ddb5-4fa4-a97d-d965ccfc6d4b" outcome="Passed" testListId="8c84fa94-04c1-424b-9868-57a2d4851a1d" relativeResultsDirectory="09117005-de6e-4fb1-ab63-5ba54bd8fa27" />
    <UnitTestResult executionId="bb4a5a3f-6c71-48f8-930f-899ae63b855f" testId="8965f0ee-055b-1404-4da2-abe68661a6cd" testName="UnitTests.Controllers.ItemControllerTests.UserCanEdit_ReturnsBool(canEdit: True)" computerName="runnervmliwqe" duration="00:00:00.0010000" startTime="2026-08-02T23:30:22.8456170+00:00" endTime="2026-08-02T23:30:22.8650270+00:00" testType="13cdc9d9-ddb5-4fa4-a97d-d965ccfc6d4b" outcome="Passed" testListId="8c84fa94-04c1-424b-9868-57a2d4851a1d" relativeResultsDirectory="bb4a5a3f-6c71-48f8-930f-899ae63b855f" />
    <UnitTestResult executionId="a693ebab-1e47-455b-8253-82d6ba8a7135" testId="bd3351a7-b43b-1510-2d3f-11bb62aa88d7" testName="UnitTests.Controllers.LocalizationControllerTests.GetLocalization_CallsLocalizationService" computerName="runnervmliwqe" duration="00:00:00.0040000" startTime="2026-08-02T23:30:22.5836490+00:00" endTime="2026-08-02T23:30:22.6045650+00:00" testType="13cdc9d9-ddb5-4fa4-a97d-d965ccfc6d4b" outcome="Passed" testListId="8c84fa94-04c1-424b-9868-57a2d4851a1d" relativeResultsDirectory="a693ebab-1e47-455b-8253-82d6ba8a7135" />
    <UnitTestResult executionId="fa6c7e6a-0af4-4ece-84e3-e943d2b74263" testId="60e43152-7193-1c31-7a7d-2c2ca162fc43" testName="UnitTests.Data.Repositories.GenericRepositoryTests.GenericRepositoryGetsAll(iterations: 0)" computerName="runnervmliwqe" duration="00:00:00.0190000" startTime="2026-08-02T23:30:23.0175950+00:00" endTime="2026-08-02T23:30:23.0410000+00:00" testType="13cdc9d9-ddb5-4fa4-a97d-d965ccfc6d4b" outcome="Passed" testListId="8c84fa94-04c1-424b-9868-57a2d4851a1d" relativeResultsDirectory="fa6c7e6a-0af4-4ece-84e3-e943d2b74263" />
    <UnitTestResult executionId="ea81d882-ec3d-4ea9-9f3d-8462b1f7b189" testId="b7610a9b-6030-af40-bb84-d88d1eb15547" testName="UnitTests.Providers.DateTimeProviderTests.DateTimeProvider_CanBeMocked" computerName="runnervmliwqe" duration="00:00:00.0350000" startTime="2026-08-02T23:30:21.2030650+00:00" endTime="2026-08-02T23:30:21.2398240+00:00" testType="13cdc9d9-ddb5-4fa4-a97d-d965ccfc6d4b" outcome="Passed" testListId="8c84fa94-04c1-424b-9868-57a2d4851a1d" relativeResultsDirectory="ea81d882-ec3d-4ea9-9f3d-8462b1f7b189" />
    <UnitTestResult executionId="f08f715e-c10d-4ae5-97db-a5bfcbf751eb" testId="9836b323-2c87-fb96-c166-3e83946077c2" testName="UnitTests.Data.Repositories.GenericRepositoryTests.GenericRepositoryUpdate_ThrowsWithNullEntity" computerName="runnervmliwqe" duration="00:00:00.0010000" startTime="2026-08-02T23:30:24.0960740+00:00" endTime="2026-08-02T23:30:24.1162040+00:00" testType="13cdc9d9-ddb5-4fa4-a97d-d965ccfc6d4b" outcome="Passed" testListId="8c84fa94-04c1-424b-9868-57a2d4851a1d" relativeResultsDirectory="f08f715e-c10d-4ae5-97db-a5bfcbf751eb" />
    <UnitTestResult executionId="cb1f2d7e-cc07-460f-b057-8efe9910ac64" testId="dee71b95-4301-2055-80fa-558f55d588b8" testName="UnitTests.Data.Repositories.GenericRepositoryTests.GenericRepositoryGetsAll(iterations: 3)" computerName="runnervmliwqe" duration="00:00:00.0190000" startTime="2026-08-02T23:30:23.1061710+00:00" endTime="2026-08-02T23:30:23.1271830+00:00" testType="13cdc9d9-ddb5-4fa4-a97d-d965ccfc6d4b" outcome="Passed" testListId="8c84fa94-04c1-424b-9868-57a2d4851a1d" relativeResultsDirectory="cb1f2d7e-cc07-460f-b057-8efe9910ac64" />
    <UnitTestResult executionId="598088a2-f21d-4c41-8bfe-7912aad0ca2a" testId="c89a5558-29d6-7160-12eb-04b76041b792" testName="UnitTests.Data.Repositories.GenericRepositoryTests.Repository_Update_UsesUserId" computerName="runnervmliwqe" duration="00:00:00.0160000" startTime="2026-08-02T23:30:24.0496150+00:00" endTime="2026-08-02T23:30:24.0717100+00:00" testType="13cdc9d9-ddb5-4fa4-a97d-d965ccfc6d4b" outcome="Passed" testListId="8c84fa94-04c1-424b-9868-57a2d4851a1d" relativeResultsDirectory="598088a2-f21d-4c41-8bfe-7912aad0ca2a" />
    <UnitTestResult executionId="58e29228-08fc-40bd-b51e-c37beb5eaf54" testId="e334ac2e-a91d-9592-9a14-6e6af425e889" testName="UnitTests.Data.Repositories.GenericRepositoryTests.GenericRepositoryGetsAll(iterations: 2)" computerName="runnervmliwqe" duration="00:00:01.9120000" startTime="2026-08-02T23:30:21.0919110+00:00" endTime="2026-08-02T23:30:22.9970880+00:00" testType="13cdc9d9-ddb5-4fa4-a97d-d965ccfc6d4b" outcome="Passed" testListId="8c84fa94-04c1-424b-9868-57a2d4851a1d" relativeResultsDirectory="58e29228-08fc-40bd-b51e-c37beb5eaf54" />
    <UnitTestResult executionId="b9b83c77-b16c-4e42-961e-4075bcab8bc5" testId="32043394-70a0-5941-8429-df4a4a35fb7f" testName="UnitTests.Common.Extensions.IQueryableExtensionsTests.Order_OrdersBothWays(descending: True, expected: [3, 2, 1])" computerName="runnervmliwqe" duration="00:00:00.0620000" startTime="2026-08-02T23:30:21.8089270+00:00" endTime="2026-08-02T23:30:22.0159530+00:00" testType="13cdc9d9-ddb5-4fa4-a97d-d965ccfc6d4b" outcome="Passed" testListId="8c84fa94-04c1-424b-9868-57a2d4851a1d" relativeResultsDirectory="b9b83c77-b16c-4e42-961e-4075bcab8bc5" />
    <UnitTestResult executionId="4fa5ad28-6a60-4351-9175-da4365dd37c7" testId="3f6312dc-2331-e755-d68a-8de3088e798d" testName="UnitTests.Data.Repositories.GenericRepositoryTests.Repository_Update_DefaultAudit" computerName="runnervmliwqe" duration="00:00:00.0290000" startTime="2026-08-02T23:30:23.9998660+00:00" endTime="2026-08-02T23:30:24.0224310+00:00" testType="13cdc9d9-ddb5-4fa4-a97d-d965ccfc6d4b" outcome="Passed" testListId="8c84fa94-04c1-424b-9868-57a2d4851a1d" relativeResultsDirectory="4fa5ad28-6a60-4351-9175-da4365dd37c7" />
    <UnitTestResult executionId="8e0bcbde-5c6d-4fce-987a-59adca48ee59" testId="03af56e2-e8a0-255f-2502-d04084f84c6d" testName="UnitTests.Services.Items.CreateItemDtoValidatorTests.RequiresName(name: &quot; &quot;)" computerName="runnervmliwqe" duration="00:00:00.0010000" startTime="2026-08-02T23:30:21.4881320+00:00" endTime="2026-08-02T23:30:21.5071960+00:00" testType="13cdc9d9-ddb5-4fa4-a97d-d965ccfc6d4b" outcome="Passed" testListId="8c84fa94-04c1-424b-9868-57a2d4851a1d" relativeResultsDirectory="8e0bcbde-5c6d-4fce-987a-59adca48ee59" />
    <UnitTestResult executionId="85f0c2bc-f65e-47ab-8a99-dac00f8991b1" testId="4174a4fc-f050-0a80-62f5-57efd360262b" testName="UnitTests.Common.GlobalsTests.ModulePrefixIsValid" computerName="runnervmliwqe" duration="00:00:00.0120000" startTime="2026-08-02T23:30:20.9317870+00:00" endTime="2026-08-02T23:30:20.9941680+00:00" testType="13cdc9d9-ddb5-4fa4-a97d-d965ccfc6d4b" outcome="Passed" testListId="8c84fa94-04c1-424b-9868-57a2d4851a1d" relativeResultsDirectory="85f0c2bc-f65e-47ab-8a99-dac00f8991b1" />
    <UnitTestResult executionId="429dd3ce-7a1a-44c0-9f17-f853aa4d7665" testId="d7aeee62-ca8d-2ca5-79b2-258e190e2d14" testName="UnitTests.Data.Repositories.GenericRepositoryTests.Repository_Create_DefaultAudit" computerName="runnervmliwqe" duration="00:00:00.0090000" startTime="2026-08-02T23:30:24.1397940+00:00" endTime="2026-08-02T23:30:24.1592070+00:00" testType="13cdc9d9-ddb5-4fa4-a97d-d965ccfc6d4b" outcome="Passed" testListId="8c84fa94-04c1-424b-9868-57a2d4851a1d" relativeResultsDirectory="429dd3ce-7a1a-44c0-9f17-f853aa4d7665" />
    <UnitTestResult executionId="0328e2a3-cedb-428b-b408-a73c27b4917e" testId="ceeab19c-71f0-e90d-77bc-1c6fd0f8b27b" testName="UnitTests.Services.Items.ItemServiceTests.DeleteItem_Deletes" computerName="runnervmliwqe" duration="00:00:00.0060000" startTime="2026-08-02T23:30:21.9383350+00:00" endTime="2026-08-02T23:30:21.9516930+00:00" testType="13cdc9d9-ddb5-4fa4-a97d-d965ccfc6d4b" outcome="Passed" testListId="8c84fa94-04c1-424b-9868-57a2d4851a1d" relativeResultsDirectory="0328e2a3-cedb-428b-b408-a73c27b4917e" />
    <UnitTestResult executionId="db8d69b9-8355-4b18-8c13-41944afef3c3" testId="53f95eb7-2fb5-a3ce-2c24-38ae34e88303" testName="UnitTests.Controllers.ModuleApiControllerTests.HasUserInfo" computerName="runnervmliwqe" duration="00:00:00.0640000" startTime="2026-08-02T23:30:22.1809390+00:00" endTime="2026-08-02T23:30:22.4678380+00:00" testType="13cdc9d9-ddb5-4fa4-a97d-d965ccfc6d4b" outcome="Passed" testListId="8c84fa94-04c1-424b-9868-57a2d4851a1d" relativeResultsDirectory="db8d69b9-8355-4b18-8c13-41944afef3c3" />
    <UnitTestResult executionId="f28e25b4-c3b3-4e57-bd41-71f22b72cd0c" testId="d031b1ae-c025-163d-f616-e9ba53dfebad" testName="UnitTests.Controllers.ItemControllerTests.CreateItem_Creates" computerName="runnervmliwqe" duration="00:00:00.0090000" startTime="2026-08-02T23:30:22.7595310+00:00" endTime="2026-08-02T23:30:22.7737690+00:00" testType="13cdc9d9-ddb5-4fa4-a97d-d965ccfc6d4b" outcome="Passed" testListId="8c84fa94-04c1-424b-9868-57a2d4851a1d" relativeResultsDirectory="f28e25b4-c3b3-4e57-bd41-71f22b72cd0c" />
    <UnitTestResult executionId="b25a5796-3025-4be5-8cf3-d38692308ab2" testId="87b4ff81-51c2-93a0-390e-114c682b8959" testName="UnitTests.Services.Items.UpdateItemDtoValidatorTests.RequiresName(name: &quot; &quot;)" computerName="runnervmliwqe" duration="00:00:00.0010000" startTime="2026-08-02T23:30:22.3745500+00:00" endTime="2026-08-02T23:30:22.3886440+00:00" testType="13cdc9d9-ddb5-4fa4-a97d-d965ccfc6d4b" outcome="Passed" testListId="8c84fa94-04c1-424b-9868-57a2d4851a1d" relativeResultsDirectory="b25a5796-3025-4be5-8cf3-d38692308ab2" />
    <UnitTestResult executionId="641845e6-0a1e-4d66-b0b6-65f552fa9279" testId="051fc54f-7074-2910-0417-4c911d54f4b2" testName="UnitTests.Data.Repositories.GenericRepositoryTests.Pages_With_Related_Entities" computerName="runnervmliwqe" duration="00:00:00.5360000" startTime="2026-08-02T23:30:23.6591720+00:00" endTime="2026-08-02T23:30:23.9690590+00:00" testType="13cdc9d9-ddb5-4fa4-a97d-d965ccfc6d4b" outcome="Passed" testListId="8c84fa94-04c1-424b-9868-57a2d4851a1d" relativeResultsDirectory="641845e6-0a1e-4d66-b0b6-65f552fa9279" />
    <UnitTestResult executionId="5126c6d5-f2af-4f6c-a0b7-cef1fafb7d47" testId="74347e3e-a1d8-1a9b-e232-94cd87fba9da" testName="UnitTests.Data.Repositories.GenericRepositoryTests.GetPage_Pages(page: 1, pageSize: 10, expectedItems: 10, expectedPages: 5)" computerName="runnervmliwqe" duration="00:00:00.0560000" startTime="2026-08-02T23:30:23.3184250+00:00" endTime="2026-08-02T23:30:23.3397820+00:00" testType="13cdc9d9-ddb5-4fa4-a97d-d965ccfc6d4b" outcome="Passed" testListId="8c84fa94-04c1-424b-9868-57a2d4851a1d" relativeResultsDirectory="5126c6d5-f2af-4f6c-a0b7-cef1fafb7d47" />
    <UnitTestResult executionId="1bd9b74c-300a-4cc3-ad08-5dbc543cebfa" testId="ae436c36-f02d-230f-1c4c-60b211d751da" testName="UnitTests.Services.Items.ItemServiceTests.UpdateItem_ValidatesDto" computerName="runnervmliwqe" duration="00:00:00.0060000" startTime="2026-08-02T23:30:21.8937130+00:00" endTime="2026-08-02T23:30:21.9091030+00:00" testType="13cdc9d9-ddb5-4fa4-a97d-d965ccfc6d4b" outcome="Passed" testListId="8c84fa94-04c1-424b-9868-57a2d4851a1d" relativeResultsDirectory="1bd9b74c-300a-4cc3-ad08-5dbc543cebfa" />
    <UnitTestResult executionId="413109c6-6d93-491c-971f-e6990c5dfadd" testId="59704e7b-f8f7-ace3-2612-2279b1ecd6cb" testName="UnitTests.Data.Repositories.GenericRepositoryTests.Repository_DeleteMissing_DoesNotThrow" computerName="runnervmliwqe" duration="00:00:00.0420000" startTime="2026-08-02T23:30:23.5584060+00:00" endTime="2026-08-02T23:30:23.5799760+00:00" testType="13cdc9d9-ddb5-4fa4-a97d-d965ccfc6d4b" outcome="Passed" testListId="8c84fa94-04c1-424b-9868-57a2d4851a1d" relativeResultsDirectory="413109c6-6d93-491c-971f-e6990c5dfadd" />
    <UnitTestResult executionId="cffc3203-8bc2-4fec-b2e6-38f60b80c30e" testId="f7bc6bd9-0c55-06bc-3749-64e5f6cece81" testName="UnitTests.Controllers.ModuleApiControllerTests.CanEdit_Set_Throws" computerName="runnervmliwqe" duration="00:00:00.0050000" startTime="2026-08-02T23:30:22.1388760+00:00" endTime="2026-08-02T23:30:22.1530580+00:00" testType="13cdc9d9-ddb5-4fa4-a97d-d965ccfc6d4b" outcome="Passed" testListId="8c84fa94-04c1-424b-9868-57a2d4851a1d" relativeResultsDirectory="cffc3203-8bc2-4fec-b2e6-38f60b80c30e" />
    <UnitTestResult executionId="1d9df825-3d72-45a9-8207-cb8a28afe9db" testId="0c7f8f8e-c0a3-2b29-c8d9-d587166b0547" testName="UnitTests.Services.Items.ItemServiceTests.CreateItem_ValidatesDto" computerName="runnervmliwqe" duration="00:00:00.0080000" startTime="2026-08-02T23:30:21.7580520+00:00" endTime="2026-08-02T23:30:21.8214900+00:00" testType="13cdc9d9-ddb5-4fa4-a97d-d965ccfc6d4b" outcome="Passed" testListId="8c84fa94-04c1-424b-9868-57a2d4851a1d" relativeResultsDirectory="1d9df825-3d72-45a9-8207-cb8a28afe9db" />
    <UnitTestResult executionId="810efe5d-0627-4814-8313-81d648fcc6e8" testId="5abb8e89-1550-5788-8877-7b81d83404bf" testName="UnitTests.Services.Items.UpdateItemDtoValidatorTests.RequiresName(name: &quot;&quot;)" computerName="runnervmliwqe" duration="00:00:00.0050000" startTime="2026-08-02T23:30:22.3005130+00:00" endTime="2026-08-02T23:30:22.3177850+00:00" testType="13cdc9d9-ddb5-4fa4-a97d-d965ccfc6d4b" outcome="Passed" testListId="8c84fa94-04c1-424b-9868-57a2d4851a1d" relativeResultsDirectory="810efe5d-0627-4814-8313-81d648fcc6e8" />
    <UnitTestResult executionId="ed280d85-448d-4ffc-9f04-af9bf776e8a4" testId="ed4a8cda-fe0d-51ca-f3c3-34006db5689e" testName="UnitTests.Controllers.ItemControllerTests.UpdateItem_Updates" computerName="runnervmliwqe" duration="00:00:00.0030000" startTime="2026-08-02T23:30:22.9520840+00:00" endTime="2026-08-02T23:30:22.9657140+00:00" testType="13cdc9d9-ddb5-4fa4-a97d-d965ccfc6d4b" outcome="Passed" testListId="8c84fa94-04c1-424b-9868-57a2d4851a1d" relativeResultsDirectory="ed280d85-448d-4ffc-9f04-af9bf776e8a4" />
    <UnitTestResult executionId="585964d2-131d-4571-ba33-7334cbb81f49" testId="214564bd-ea08-a328-310a-6f9c8571a9e3" testName="UnitTests.Controllers.ItemControllerTests.DeleteItem_Deletes(itemId: 1)" computerName="runnervmliwqe" duration="00:00:00.0010000" startTime="2026-08-02T23:30:22.7172370+00:00" endTime="2026-08-02T23:30:22.7320990+00:00" testType="13cdc9d9-ddb5-4fa4-a97d-d965ccfc6d4b" outcome="Passed" testListId="8c84fa94-04c1-424b-9868-57a2d4851a1d" relativeResultsDirectory="585964d2-131d-4571-ba33-7334cbb81f49" />
    <UnitTestResult executionId="bb2176eb-7453-4cc2-9fd2-f7358b500e12" testId="c38d13c8-0943-0152-9d1f-27d7829b57da" testName="UnitTests.Data.Repositories.GenericRepositoryTests.GenericRepositoryCreate_ThrowsWithNullEntity" computerName="runnervmliwqe" duration="00:00:00.0060000" startTime="2026-08-02T23:30:23.4597140+00:00" endTime="2026-08-02T23:30:23.4811300+00:00" testType="13cdc9d9-ddb5-4fa4-a97d-d965ccfc6d4b" outcome="Passed" testListId="8c84fa94-04c1-424b-9868-57a2d4851a1d" relativeResultsDirectory="bb2176eb-7453-4cc2-9fd2-f7358b500e12" />
    <UnitTestResult executionId="25a46bda-c801-4f27-a24f-c2c015a898bc" testId="fa343bff-97c2-1efc-efd2-918bb0a79a3b" testName="UnitTests.Data.Repositories.GenericRepositoryTests.GenericRepositoryGet" computerName="runnervmliwqe" duration="00:00:00.0260000" startTime="2026-08-02T23:30:23.4097430+00:00" endTime="2026-08-02T23:30:23.4340020+00:00" testType="13cdc9d9-ddb5-4fa4-a97d-d965ccfc6d4b" outcome="Passed" testListId="8c84fa94-04c1-424b-9868-57a2d4851a1d" relativeResultsDirectory="25a46bda-c801-4f27-a24f-c2c015a898bc" />
    <UnitTestResult executionId="1f330a99-ac6f-40ae-8bd8-384b4b7a308b" testId="e8de6daf-b2f9-f07b-7db1-d7750158f399" testName="UnitTests.Data.Repositories.GenericRepositoryTests.Repository_Create_UsesUserId" computerName="runnervmliwqe" duration="00:00:00.0110000" startTime="2026-08-02T23:30:23.2081440+00:00" endTime="2026-08-02T23:30:23.2315180+00:00" testType="13cdc9d9-ddb5-4fa4-a97d-d965ccfc6d4b" outcome="Passed" testListId="8c84fa94-04c1-424b-9868-57a2d4851a1d" relativeResultsDirectory="1f330a99-ac6f-40ae-8bd8-384b4b7a308b" />
    <UnitTestResult executionId="d4853339-528e-41f6-bd00-834db67a5e65" testId="3b626e8b-142a-393c-5391-e3c388a41a28" testName="UnitTests.Services.Items.UpdateItemDtoValidatorTests.RequiresIdGreaterThanZero(id: -1)" computerName="runnervmliwqe" duration="00:00:00.0010000" startTime="2026-08-02T23:30:22.2366870+00:00" endTime="2026-08-02T23:30:22.2584460+00:00" testType="13cdc9d9-ddb5-4fa4-a97d-d965ccfc6d4b" outcome="Passed" testListId="8c84fa94-04c1-424b-9868-57a2d4851a1d" relativeResultsDirectory="d4853339-528e-41f6-bd00-834db67a5e65" />
    <UnitTestResult executionId="7620ee55-af29-4771-b0e7-2720a5af578b" testId="27566079-9486-e3c1-6494-91ca9ae44d79" testName="UnitTests.Data.Repositories.GenericRepositoryTests.GenericRepositoryDeletes" computerName="runnervmliwqe" duration="00:00:00.0500000" startTime="2026-08-02T23:30:23.1552400+00:00" endTime="2026-08-02T23:30:23.1765310+00:00" testType="13cdc9d9-ddb5-4fa4-a97d-d965ccfc6d4b" outcome="Passed" testListId="8c84fa94-04c1-424b-9868-57a2d4851a1d" relativeResultsDirectory="7620ee55-af29-4771-b0e7-2720a5af578b" />
    <UnitTestResult executionId="9d73a754-f04f-473d-9f79-0dca8b98ae3c" testId="be57a587-ebca-72fa-2f95-7f5a530521d1" testName="UnitTests.Controllers.ItemControllerTests.UserCanEdit_ReturnsBool(canEdit: False)" computerName="runnervmliwqe" duration="00:00:00.0070000" startTime="2026-08-02T23:30:22.8008980+00:00" endTime="2026-08-02T23:30:22.8174680+00:00" testType="13cdc9d9-ddb5-4fa4-a97d-d965ccfc6d4b" outcome="Passed" testListId="8c84fa94-04c1-424b-9868-57a2d4851a1d" relativeResultsDirectory="9d73a754-f04f-473d-9f79-0dca8b98ae3c" />
    <UnitTestResult executionId="a58081eb-8142-4283-b2c9-d5c2af8ee5a9" testId="b2fa0e24-81e1-9083-2786-28263d3bbbcb" testName="UnitTests.Controllers.ModuleApiControllerTests.CanEdit_DefaultsToFalse" computerName="runnervmliwqe" duration="00:00:00.0080000" startTime="2026-08-02T23:30:22.4963730+00:00" endTime="2026-08-02T23:30:22.5296250+00:00" testType="13cdc9d9-ddb5-4fa4-a97d-d965ccfc6d4b" outcome="Passed" testListId="8c84fa94-04c1-424b-9868-57a2d4851a1d" relativeResultsDirectory="a58081eb-8142-4283-b2c9-d5c2af8ee5a9" />
    <UnitTestResult executionId="9d6094d3-cad4-4961-8427-7969a9b3a814" testId="7d8112bd-f2c4-bfd9-ece4-ecb8a2c232fb" testName="UnitTests.Controllers.ItemControllerTests.GetItemsPage_GetsProperPages" computerName="runnervmliwqe" duration="00:00:00.0030000" startTime="2026-08-02T23:30:22.8979590+00:00" endTime="2026-08-02T23:30:22.9169190+00:00" testType="13cdc9d9-ddb5-4fa4-a97d-d965ccfc6d4b" outcome="Passed" testListId="8c84fa94-04c1-424b-9868-57a2d4851a1d" relativeResultsDirectory="9d6094d3-cad4-4961-8427-7969a9b3a814" />
    <UnitTestResult executionId="bfcd7d4d-706e-4040-9da1-178f9e954868" testId="d0b9e575-496b-d196-31e5-7e4d85411a18" testName="UnitTests.Data.Entities.ItemTests.ItemConstructsProperly" computerName="runnervmliwqe" duration="00:00:00.0010000" startTime="2026-08-02T23:30:21.7310550+00:00" endTime="2026-08-02T23:30:21.7680780+00:00" testType="13cdc9d9-ddb5-4fa4-a97d-d965ccfc6d4b" outcome="Passed" testListId="8c84fa94-04c1-424b-9868-57a2d4851a1d" relativeResultsDirectory="bfcd7d4d-706e-4040-9da1-178f9e954868" />
    <UnitTestResult executionId="24035100-e3bb-4333-b29f-bdb0a9a11af8" testId="40d614e6-7e9b-4f95-0203-a116ba8d096e" testName="UnitTests.Services.Items.ItemServiceTests.UpdateItem_Updates" computerName="runnervmliwqe" duration="00:00:00.0130000" startTime="2026-08-02T23:30:21.8507600+00:00" endTime="2026-08-02T23:30:21.8650370+00:00" testType="13cdc9d9-ddb5-4fa4-a97d-d965ccfc6d4b" outcome="Passed" testListId="8c84fa94-04c1-424b-9868-57a2d4851a1d" relativeResultsDirectory="24035100-e3bb-4333-b29f-bdb0a9a11af8" />
    <UnitTestResult executionId="522b506a-fb65-4658-a1ac-9fc5085a5400" testId="d527f5d7-05c2-a5da-93c5-f2bb4391f844" testName="UnitTests.Data.Repositories.GenericRepositoryTests.GenericRepositoryCreatesAndGetsById" computerName="runnervmliwqe" duration="00:00:00.0650000" startTime="2026-08-02T23:30:24.1827170+00:00" endTime="2026-08-02T23:30:24.2024380+00:00" testType="13cdc9d9-ddb5-4fa4-a97d-d965ccfc6d4b" outcome="Passed" testListId="8c84fa94-04c1-424b-9868-57a2d4851a1d" relativeResultsDirectory="522b506a-fb65-4658-a1ac-9fc5085a5400" />
    <UnitTestResult executionId="18547449-73f9-4acd-932a-aaf1725d1452" testId="082ec871-5a59-802f-3256-844756fbe9b1" testName="UnitTests.Data.Repositories.GenericRepositoryTests.GetPage_Pages(page: 0, pageSize: 0, expectedItems: 1, expectedPages: 50)" computerName="runnervmliwqe" duration="00:00:00.2740000" startTime="2026-08-02T23:30:23.2717860+00:00" endTime="2026-08-02T23:30:23.2972110+00:00" testType="13cdc9d9-ddb5-4fa4-a97d-d965ccfc6d4b" outcome="Passed" testListId="8c84fa94-04c1-424b-9868-57a2d4851a1d" relativeResultsDirectory="18547449-73f9-4acd-932a-aaf1725d1452" />
    <UnitTestResult executionId="ca124d1e-0e5b-47c7-afe7-9c09c1b186f9" testId="5c304853-2900-2d00-f979-1d471ea6280b" testName="UnitTests.Services.Items.UpdateItemDtoValidatorTests.RequiresIdGreaterThanZero(id: 0)" computerName="runnervmliwqe" duration="00:00:00.0630000" startTime="2026-08-02T23:30:22.0933840+00:00" endTime="2026-08-02T23:30:22.2028870+00:00" testType="13cdc9d9-ddb5-4fa4-a97d-d965ccfc6d4b" outcome="Passed" testListId="8c84fa94-04c1-424b-9868-57a2d4851a1d" relativeResultsDirectory="ca124d1e-0e5b-47c7-afe7-9c09c1b186f9" />
    <UnitTestResult executionId="60517182-f290-45eb-b304-7a42a810a428" testId="4cdf9f31-7ede-faa6-6ff2-ef333e7d2891" testName="UnitTests.Data.Entities.ItemTests.ItemPropertiesPersist(id: 1, name: &quot;Name1&quot;, description: &quot;Description1&quot;)" computerName="runnervmliwqe" duration="00:00:00.0010000" startTime="2026-08-02T23:30:21.6856860+00:00" endTime="2026-08-02T23:30:21.6988140+00:00" testType="13cdc9d9-ddb5-4fa4-a97d-d965ccfc6d4b" outcome="Passed" testListId="8c84fa94-04c1-424b-9868-57a2d4851a1d" relativeResultsDirectory="60517182-f290-45eb-b304-7a42a810a428" />
    <UnitTestResult executionId="41e17353-696d-46d3-9f11-1de3a0539878" testId="38eae053-145d-f86c-9ed5-dae375692ec3" testName="UnitTests.Providers.DateTimeProviderTests.DateTimeProvider_ProvidesUtc" computerName="runnervmliwqe" duration="00:00:00.1960000" startTime="2026-08-02T23:30:20.9479880+00:00" endTime="2026-08-02T23:30:21.1302380+00:00" testType="13cdc9d9-ddb5-4fa4-a97d-d965ccfc6d4b" outcome="Passed" testListId="8c84fa94-04c1-424b-9868-57a2d4851a1d" relativeResultsDirectory="41e17353-696d-46d3-9f11-1de3a0539878" />
    <UnitTestResult executionId="62358a74-4953-46d1-bfa1-4398222de8a7" testId="2d6f5baf-662f-deaa-c19f-725a428dae0e" testName="UnitTests.Common.Extensions.IQueryableExtensionsTests.Order_OrdersBothWays(descending: False, expected: [1, 2, 3])" computerName="runnervmliwqe" duration="00:00:00.0110000" startTime="2026-08-02T23:30:22.0375660+00:00" endTime="2026-08-02T23:30:22.1047690+00:00" testType="13cdc9d9-ddb5-4fa4-a97d-d965ccfc6d4b" outcome="Passed" testListId="8c84fa94-04c1-424b-9868-57a2d4851a1d" relativeResultsDirectory="62358a74-4953-46d1-bfa1-4398222de8a7" />
    <UnitTestResult executionId="c915e85c-ae74-4a4e-b260-44878b7f7052" testId="527c432f-7b9f-89a4-0fdf-51a0955d2f53" testName="UnitTests.Data.Repositories.GenericRepositoryTests.GetPage_Pages(page: 3, pageSize: 20, expectedItems: 10, expectedPages: 3)" computerName="runnervmliwqe" duration="00:00:00.0800000" startTime="2026-08-02T23:30:23.3610800+00:00" endTime="2026-08-02T23:30:23.3825620+00:00" testType="13cdc9d9-ddb5-4fa4-a97d-d965ccfc6d4b" outcome="Passed" testListId="8c84fa94-04c1-424b-9868-57a2d4851a1d" relativeResultsDirectory="c915e85c-ae74-4a4e-b260-44878b7f7052" />
    <UnitTestResult executionId="f7ecdd2b-7e3a-4bf7-bc0a-85249e77a84a" testId="a186e957-56e4-65e4-f837-8d9c700b6a34" testName="UnitTests.Services.Items.ItemServiceTests.GetItemsPage_GetsPages(descending: False)" computerName="runnervmliwqe" duration="00:00:00.0360000" startTime="2026-08-02T23:30:22.0000590+00:00" endTime="2026-08-02T23:30:22.0534860+00:00" testType="13cdc9d9-ddb5-4fa4-a97d-d965ccfc6d4b" outcome="Passed" testListId="8c84fa94-04c1-424b-9868-57a2d4851a1d" relativeResultsDirectory="f7ecdd2b-7e3a-4bf7-bc0a-85249e77a84a" />
  </Results>
  <TestDefinitions>
    <UnitTest name="UnitTests.Data.Repositories.GenericRepositoryTests.GenericRepositoryConstructs" storage="/home/runner/work/mytestmodule/mytestmodule/unittests/bin/release/unittests.dll" id="b75181a9-0ec4-2ff3-9e36-471de6d930df">
      <Execution id="f3d9cf22-76fc-4ff3-9a3b-99f361562d20" />
      <TestMethod codeBase="/home/runner/work/MyTestModule/MyTestModule/UnitTests/bin/Release/UnitTests.dll" adapterTypeName="executor://xunit/VsTestRunner3/netfx/" className="UnitTests.Data.Repositories.GenericRepositoryTests" name="GenericRepositoryConstructs" />
    </UnitTest>
    <UnitTest name="UnitTests.Controllers.ModuleApiControllerTests.CanEdit_Set_Throws" storage="/home/runner/work/mytestmodule/mytestmodule/unittests/bin/release/unittests.dll" id="f7bc6bd9-0c55-06bc-3749-64e5f6cece81">
      <Execution id="cffc3203-8bc2-4fec-b2e6-38f60b80c30e" />
      <TestMethod codeBase="/home/runner/work/MyTestModule/MyTestModule/UnitTests/bin/Release/UnitTests.dll" adapterTypeName="executor://xunit/VsTestRunner3/netfx/" className="UnitTests.Controllers.ModuleApiControllerTests" name="CanEdit_Set_Throws" />
    </UnitTest>
    <UnitTest name="UnitTests.Data.Repositories.GenericRepositoryTests.GenericRepositoryDeletes" storage="/home/runner/work/mytestmodule/mytestmodule/unittests/bin/release/unittests.dll" id="27566079-9486-e3c1-6494-91ca9ae44d79">
      <Execution id="7620ee55-af29-4771-b0e7-2720a5af578b" />
      <TestMethod codeBase="/home/runner/work/MyTestModule/MyTestModule/UnitTests/bin/Release/UnitTests.dll" adapterTypeName="executor://xunit/VsTestRunner3/netfx/" className="UnitTests.Data.Repositories.GenericRepositoryTests" name="GenericRepositoryDeletes" />
    </UnitTest>
    <UnitTest name="UnitTests.Services.Items.ItemServiceTests.CreateItem_ValidatesDto" storage="/home/runner/work/mytestmodule/mytestmodule/unittests/bin/release/unittests.dll" id="0c7f8f8e-c0a3-2b29-c8d9-d587166b0547">
      <Execution id="1d9df825-3d72-45a9-8207-cb8a28afe9db" />
      <TestMethod codeBase="/home/runner/work/MyTestModule/MyTestModule/UnitTests/bin/Release/UnitTests.dll" adapterTypeName="executor://xunit/VsTestRunner3/netfx/" className="UnitTests.Services.Items.ItemServiceTests" name="CreateItem_ValidatesDto" />
    </UnitTest>
    <UnitTest name="UnitTests.Controllers.ItemControllerTests.DeleteItem_Deletes(itemId: 10)" storage="/home/runner/work/mytestmodule/mytestmodule/unittests/bin/release/unittests.dll" id="fa8b1269-424e-d13f-7573-eac483855819">
      <Execution id="c97f5bdb-02d1-461f-a135-fa57f2dd2c48" />
      <TestMethod codeBase="/home/runner/work/MyTestModule/MyTestModule/UnitTests/bin/Release/UnitTests.dll" adapterTypeName="executor://xunit/VsTestRunner3/netfx/" className="UnitTests.Controllers.ItemControllerTests" name="DeleteItem_Deletes" />
    </UnitTest>
    <UnitTest name="UnitTests.StartupTests.Startup_RegistersAllRequiredServices" storage="/home/runner/work/mytestmodule/mytestmodule/unittests/bin/release/unittests.dll" id="110cc41d-29a2-9279-99dc-f27a2281aada">
      <Execution id="f9eedfcb-4cc8-41a3-a631-8ba97999d744" />
      <TestMethod codeBase="/home/runner/work/MyTestModule/MyTestModule/UnitTests/bin/Release/UnitTests.dll" adapterTypeName="executor://xunit/VsTestRunner3/netfx/" className="UnitTests.StartupTests" name="Startup_RegistersAllRequiredServices" />
    </UnitTest>
    <UnitTest name="UnitTests.Services.Items.UpdateItemDtoValidatorTests.RequiresName(name: null)" storage="/home/runner/work/mytestmodule/mytestmodule/unittests/bin/release/unittests.dll" id="36c68f6a-618c-9531-3e2e-cd6a7051a0a0">
      <Execution id="ce625779-933b-4cdb-b39f-20ad6dd362f2" />
      <TestMethod codeBase="/home/runner/work/MyTestModule/MyTestModule/UnitTests/bin/Release/UnitTests.dll" adapterTypeName="executor://xunit/VsTestRunner3/netfx/" className="UnitTests.Services.Items.UpdateItemDtoValidatorTests" name="RequiresName" />
    </UnitTest>
    <UnitTest name="UnitTests.Services.Items.UpdateItemDtoValidatorTests.RequiresIdGreaterThanZero(id: 0)" storage="/home/runner/work/mytestmodule/mytestmodule/unittests/bin/release/unittests.dll" id="5c304853-2900-2d00-f979-1d471ea6280b">
      <Execution id="ca124d1e-0e5b-47c7-afe7-9c09c1b186f9" />
      <TestMethod codeBase="/home/runner/work/MyTestModule/MyTestModule/UnitTests/bin/Release/UnitTests.dll" adapterTypeName="executor://xunit/VsTestRunner3/netfx/" className="UnitTests.Services.Items.UpdateItemDtoValidatorTests" name="RequiresIdGreaterThanZero" />
    </UnitTest>
    <UnitTest name="UnitTests.Data.Repositories.GenericRepositoryTests.GenericRepositoryUpdate_ThrowsWithNullEntity" storage="/home/runner/work/mytestmodule/mytestmodule/unittests/bin/release/unittests.dll" id="9836b323-2c87-fb96-c166-3e83946077c2">
      <Execution id="f08f715e-c10d-4ae5-97db-a5bfcbf751eb" />
      <TestMethod codeBase="/home/runner/work/MyTestModule/MyTestModule/UnitTests/bin/Release/UnitTests.dll" adapterTypeName="executor://xunit/VsTestRunner3/netfx/" className="UnitTests.Data.Repositories.GenericRepositoryTests" name="GenericRepositoryUpdate_ThrowsWithNullEntity" />
    </UnitTest>
    <UnitTest name="UnitTests.Controllers.ItemControllerTests.GetItemsPage_GetsProperPages" storage="/home/runner/work/mytestmodule/mytestmodule/unittests/bin/release/unittests.dll" id="7d8112bd-f2c4-bfd9-ece4-ecb8a2c232fb">
      <Execution id="9d6094d3-cad4-4961-8427-7969a9b3a814" />
      <TestMethod codeBase="/home/runner/work/MyTestModule/MyTestModule/UnitTests/bin/Release/UnitTests.dll" adapterTypeName="executor://xunit/VsTestRunner3/netfx/" className="UnitTests.Controllers.ItemControllerTests" name="GetItemsPage_GetsProperPages" />
    </UnitTest>
    <UnitTest name="UnitTests.Services.Items.UpdateItemDtoValidatorTests.RequiresIdGreaterThanZero(id: -1)" storage="/home/runner/work/mytestmodule/mytestmodule/unittests/bin/release/unittests.dll" id="3b626e8b-142a-393c-5391-e3c388a41a28">
      <Execution id="d4853339-528e-41f6-bd00-834db67a5e65" />
      <TestMethod codeBase="/home/runner/work/MyTestModule/MyTestModule/UnitTests/bin/Release/UnitTests.dll" adapterTypeName="executor://xunit/VsTestRunner3/netfx/" className="UnitTests.Services.Items.UpdateItemDtoValidatorTests" name="RequiresIdGreaterThanZero" />
    </UnitTest>
    <UnitTest name="UnitTests.Data.Repositories.GenericRepositoryTests.Repository_Create_UsesUserId" storage="/home/runner/work/mytestmodule/mytestmodule/unittests/bin/release/unittests.dll" id="e8de6daf-b2f9-f07b-7db1-d7750158f399">
      <Execution id="1f330a99-ac6f-40ae-8bd8-384b4b7a308b" />
      <TestMethod codeBase="/home/runner/work/MyTestModule/MyTestModule/UnitTests/bin/Release/UnitTests.dll" adapterTypeName="executor://xunit/VsTestRunner3/netfx/" className="UnitTests.Data.Repositories.GenericRepositoryTests" name="Repository_Create_UsesUserId" />
    </UnitTest>
    <UnitTest name="UnitTests.Services.Items.ItemServiceTests.GetItemsPage_GetsPages(descending: False)" storage="/home/runner/work/mytestmodule/mytestmodule/unittests/bin/release/unittests.dll" id="a186e957-56e4-65e4-f837-8d9c700b6a34">
      <Execution id="f7ecdd2b-7e3a-4bf7-bc0a-85249e77a84a" />
      <TestMethod codeBase="/home/runner/work/MyTestModule/MyTestModule/UnitTests/bin/Release/UnitTests.dll" adapterTypeName="executor://xunit/VsTestRunner3/netfx/" className="UnitTests.Services.Items.ItemServiceTests" name="GetItemsPage_GetsPages" />
    </UnitTest>
    <UnitTest name="UnitTests.Data.Repositories.GenericRepositoryTests.GenericRepositoryGet" storage="/home/runner/work/mytestmodule/mytestmodule/unittests/bin/release/unittests.dll" id="fa343bff-97c2-1efc-efd2-918bb0a79a3b">
      <Execution id="25a46bda-c801-4f27-a24f-c2c015a898bc" />
      <TestMethod codeBase="/home/runner/work/MyTestModule/MyTestModule/UnitTests/bin/Release/UnitTests.dll" adapterTypeName="executor://xunit/VsTestRunner3/netfx/" className="UnitTests.Data.Repositories.GenericRepositoryTests" name="GenericRepositoryGet" />
    </UnitTest>
    <UnitTest name="UnitTests.Common.Extensions.IQueryableExtensionsTests.Order_OrdersBothWays(descending: True, expected: [3, 2, 1])" storage="/home/runner/work/mytestmodule/mytestmodule/unittests/bin/release/unittests.dll" id="32043394-70a0-5941-8429-df4a4a35fb7f">
      <Execution id="b9b83c77-b16c-4e42-961e-4075bcab8bc5" />
      <TestMethod codeBase="/home/runner/work/MyTestModule/MyTestModule/UnitTests/bin/Release/UnitTests.dll" adapterTypeName="executor://xunit/VsTestRunner3/netfx/" className="UnitTests.Common.Extensions.IQueryableExtensionsTests" name="Order_OrdersBothWays" />
    </UnitTest>
    <UnitTest name="UnitTests.Data.Repositories.GenericRepositoryTests.GenericRepositoryCreatesAndGetsById" storage="/home/runner/work/mytestmodule/mytestmodule/unittests/bin/release/unittests.dll" id="d527f5d7-05c2-a5da-93c5-f2bb4391f844">
      <Execution id="522b506a-fb65-4658-a1ac-9fc5085a5400" />
      <TestMethod codeBase="/home/runner/work/MyTestModule/MyTestModule/UnitTests/bin/Release/UnitTests.dll" adapterTypeName="executor://xunit/VsTestRunner3/netfx/" className="UnitTests.Data.Repositories.GenericRepositoryTests" name="GenericRepositoryCreatesAndGetsById" />
    </UnitTest>
    <UnitTest name="UnitTests.Data.Repositories.GenericRepositoryTests.GenericRepositoryGetsAll(iterations: 0)" storage="/home/runner/work/mytestmodule/mytestmodule/unittests/bin/release/unittests.dll" id="60e43152-7193-1c31-7a7d-2c2ca162fc43">
      <Execution id="fa6c7e6a-0af4-4ece-84e3-e943d2b74263" />
      <TestMethod codeBase="/home/runner/work/MyTestModule/MyTestModule/UnitTests/bin/Release/UnitTests.dll" adapterTypeName="executor://xunit/VsTestRunner3/netfx/" className="UnitTests.Data.Repositories.GenericRepositoryTests" name="GenericRepositoryGetsAll" />
    </UnitTest>
    <UnitTest name="UnitTests.Controllers.ItemControllerTests.CreateItem_Creates" storage="/home/runner/work/mytestmodule/mytestmodule/unittests/bin/release/unittests.dll" id="d031b1ae-c025-163d-f616-e9ba53dfebad">
      <Execution id="f28e25b4-c3b3-4e57-bd41-71f22b72cd0c" />
      <TestMethod codeBase="/home/runner/work/MyTestModule/MyTestModule/UnitTests/bin/Release/UnitTests.dll" adapterTypeName="executor://xunit/VsTestRunner3/netfx/" className="UnitTests.Controllers.ItemControllerTests" name="CreateItem_Creates" />
    </UnitTest>
    <UnitTest name="UnitTests.Controllers.LocalizationControllerTests.GetLocalization_CallsLocalizationService" storage="/home/runner/work/mytestmodule/mytestmodule/unittests/bin/release/unittests.dll" id="bd3351a7-b43b-1510-2d3f-11bb62aa88d7">
      <Execution id="a693ebab-1e47-455b-8253-82d6ba8a7135" />
      <TestMethod codeBase="/home/runner/work/MyTestModule/MyTestModule/UnitTests/bin/Release/UnitTests.dll" adapterTypeName="executor://xunit/VsTestRunner3/netfx/" className="UnitTests.Controllers.LocalizationControllerTests" name="GetLocalization_CallsLocalizationService" />
    </UnitTest>
    <UnitTest name="UnitTests.Data.Repositories.GenericRepositoryTests.Repository_Create_DefaultAudit" storage="/home/runner/work/mytestmodule/mytestmodule/unittests/bin/release/unittests.dll" id="d7aeee62-ca8d-2ca5-79b2-258e190e2d14">
      <Execution id="429dd3ce-7a1a-44c0-9f17-f853aa4d7665" />
      <TestMethod codeBase="/home/runner/work/MyTestModule/MyTestModule/UnitTests/bin/Release/UnitTests.dll" adapterTypeName="executor://xunit/VsTestRunner3/netfx/" className="UnitTests.Data.Repositories.GenericRepositoryTests" name="Repository_Create_DefaultAudit" />
    </UnitTest>
    <UnitTest name="UnitTests.Data.Repositories.GenericRepositoryTests.GenericRepositoryCreate_ThrowsWithNullEntity" storage="/home/runner/work/mytestmodule/mytestmodule/unittests/bin/release/unittests.dll" id="c38d13c8-0943-0152-9d1f-27d7829b57da">
      <Execution id="bb2176eb-7453-4cc2-9fd2-f7358b500e12" />
      <TestMethod codeBase="/home/runner/work/MyTestModule/MyTestModule/UnitTests/bin/Release/UnitTests.dll" adapterTypeName="executor://xunit/VsTestRunner3/netfx/" className="UnitTests.Data.Repositories.GenericRepositoryTests" name="GenericRepositoryCreate_ThrowsWithNullEntity" />
    </UnitTest>
    <UnitTest name="UnitTests.Services.Items.UpdateItemDtoValidatorTests.RequiresName(name: &quot; &quot;)" storage="/home/runner/work/mytestmodule/mytestmodule/unittests/bin/release/unittests.dll" id="87b4ff81-51c2-93a0-390e-114c682b8959">
      <Execution id="b25a5796-3025-4be5-8cf3-d38692308ab2" />
      <TestMethod codeBase="/home/runner/work/MyTestModule/MyTestModule/UnitTests/bin/Release/UnitTests.dll" adapterTypeName="executor://xunit/VsTestRunner3/netfx/" className="UnitTests.Services.Items.UpdateItemDtoValidatorTests" name="RequiresName" />
    </UnitTest>
    <UnitTest name="UnitTests.Services.Items.CreateItemDtoValidatorTests.RequiresName(name: null)" storage="/home/runner/work/mytestmodule/mytestmodule/unittests/bin/release/unittests.dll" id="2b9eeefb-40f0-28cc-b56f-d5142407c019">
      <Execution id="c1bd071a-bf50-4318-94ae-3e7d77a4b134" />
      <TestMethod codeBase="/home/runner/work/MyTestModule/MyTestModule/UnitTests/bin/Release/UnitTests.dll" adapterTypeName="executor://xunit/VsTestRunner3/netfx/" className="UnitTests.Services.Items.CreateItemDtoValidatorTests" name="RequiresName" />
    </UnitTest>
    <UnitTest name="UnitTests.Data.Repositories.GenericRepositoryTests.Pages_With_Related_Entities" storage="/home/runner/work/mytestmodule/mytestmodule/unittests/bin/release/unittests.dll" id="051fc54f-7074-2910-0417-4c911d54f4b2">
      <Execution id="641845e6-0a1e-4d66-b0b6-65f552fa9279" />
      <TestMethod codeBase="/home/runner/work/MyTestModule/MyTestModule/UnitTests/bin/Release/UnitTests.dll" adapterTypeName="executor://xunit/VsTestRunner3/netfx/" className="UnitTests.Data.Repositories.GenericRepositoryTests" name="Pages_With_Related_Entities" />
    </UnitTest>
    <UnitTest name="UnitTests.Controllers.ModuleApiControllerTests.HasUserInfo" storage="/home/runner/work/mytestmodule/mytestmodule/unittests/bin/release/unittests.dll" id="53f95eb7-2fb5-a3ce-2c24-38ae34e88303">
      <Execution id="db8d69b9-8355-4b18-8c13-41944afef3c3" />
      <TestMethod codeBase="/home/runner/work/MyTestModule/MyTestModule/UnitTests/bin/Release/UnitTests.dll" adapterTypeName="executor://xunit/VsTestRunner3/netfx/" className="UnitTests.Controllers.ModuleApiControllerTests" name="HasUserInfo" />
    </UnitTest>
    <UnitTest name="UnitTests.Services.Items.UpdateItemDtoValidatorTests.RequiresName(name: &quot;&quot;)" storage="/home/runner/work/mytestmodule/mytestmodule/unittests/bin/release/unittests.dll" id="5abb8e89-1550-5788-8877-7b81d83404bf">
      <Execution id="810efe5d-0627-4814-8313-81d648fcc6e8" />
      <TestMethod codeBase="/home/runner/work/MyTestModule/MyTestModule/UnitTests/bin/Release/UnitTests.dll" adapterTypeName="executor://xunit/VsTestRunner3/netfx/" className="UnitTests.Services.Items.UpdateItemDtoValidatorTests" name="RequiresName" />
    </UnitTest>
    <UnitTest name="UnitTests.Services.Items.CreateItemDtoValidatorTests.RequiresName(name: &quot; &quot;)" storage="/home/runner/work/mytestmodule/mytestmodule/unittests/bin/release/unittests.dll" id="03af56e2-e8a0-255f-2502-d04084f84c6d">
      <Execution id="8e0bcbde-5c6d-4fce-987a-59adca48ee59" />
      <TestMethod codeBase="/home/runner/work/MyTestModule/MyTestModule/UnitTests/bin/Release/UnitTests.dll" adapterTypeName="executor://xunit/VsTestRunner3/netfx/" className="UnitTests.Services.Items.CreateItemDtoValidatorTests" name="RequiresName" />
    </UnitTest>
    <UnitTest name="UnitTests.Services.Items.ItemServiceTests.DeleteItem_Deletes" storage="/home/runner/work/mytestmodule/mytestmodule/unittests/bin/release/unittests.dll" id="ceeab19c-71f0-e90d-77bc-1c6fd0f8b27b">
      <Execution id="0328e2a3-cedb-428b-b408-a73c27b4917e" />
      <TestMethod codeBase="/home/runner/work/MyTestModule/MyTestModule/UnitTests/bin/Release/UnitTests.dll" adapterTypeName="executor://xunit/VsTestRunner3/netfx/" className="UnitTests.Services.Items.ItemServiceTests" name="DeleteItem_Deletes" />
    </UnitTest>
    <UnitTest name="UnitTests.Data.Repositories.GenericRepositoryTests.GetPage_Pages(page: 0, pageSize: 0, expectedItems: 1, expectedPages: 50)" storage="/home/runner/work/mytestmodule/mytestmodule/unittests/bin/release/unittests.dll" id="082ec871-5a59-802f-3256-844756fbe9b1">
      <Execution id="18547449-73f9-4acd-932a-aaf1725d1452" />
      <TestMethod codeBase="/home/runner/work/MyTestModule/MyTestModule/UnitTests/bin/Release/UnitTests.dll" adapterTypeName="executor://xunit/VsTestRunner3/netfx/" className="UnitTests.Data.Repositories.GenericRepositoryTests" name="GetPage_Pages" />
    </UnitTest>
    <UnitTest name="UnitTests.Controllers.ItemControllerTests.DeleteItem_Deletes(itemId: 1)" storage="/home/runner/work/mytestmodule/mytestmodule/unittests/bin/release/unittests.dll" id="214564bd-ea08-a328-310a-6f9c8571a9e3">
      <Execution id="585964d2-131d-4571-ba33-7334cbb81f49" />
      <TestMethod codeBase="/home/runner/work/MyTestModule/MyTestModule/UnitTests/bin/Release/UnitTests.dll" adapterTypeName="executor://xunit/VsTestRunner3/netfx/" className="UnitTests.Controllers.ItemControllerTests" name="DeleteItem_Deletes" />
    </UnitTest>
    <UnitTest name="UnitTests.Data.Entities.ItemTests.ItemPropertiesPersist(id: 2, name: &quot;Name2&quot;, description: &quot;Description2&quot;)" storage="/home/runner/work/mytestmodule/mytestmodule/unittests/bin/release/unittests.dll" id="ca2fec35-7917-d8b3-45aa-867bc3628911">
      <Execution id="2112f729-73c1-4e64-858a-31092d8d3077" />
      <TestMethod codeBase="/home/runner/work/MyTestModule/MyTestModule/UnitTests/bin/Release/UnitTests.dll" adapterTypeName="executor://xunit/VsTestRunner3/netfx/" className="UnitTests.Data.Entities.ItemTests" name="ItemPropertiesPersist" />
    </UnitTest>
    <UnitTest name="UnitTests.Services.Items.ItemServiceTests.UpdateItem_ValidatesDto" storage="/home/runner/work/mytestmodule/mytestmodule/unittests/bin/release/unittests.dll" id="ae436c36-f02d-230f-1c4c-60b211d751da">
      <Execution id="1bd9b74c-300a-4cc3-ad08-5dbc543cebfa" />
      <TestMethod codeBase="/home/runner/work/MyTestModule/MyTestModule/UnitTests/bin/Release/UnitTests.dll" adapterTypeName="executor://xunit/VsTestRunner3/netfx/" className="UnitTests.Services.Items.ItemServiceTests" name="UpdateItem_ValidatesDto" />
    </UnitTest>
    <UnitTest name="UnitTests.Data.Repositories.GenericRepositoryTests.Repository_DeleteMissing_DoesNotThrow" storage="/home/runner/work/mytestmodule/mytestmodule/unittests/bin/release/unittests.dll" id="59704e7b-f8f7-ace3-2612-2279b1ecd6cb">
      <Execution id="413109c6-6d93-491c-971f-e6990c5dfadd" />
      <TestMethod codeBase="/home/runner/work/MyTestModule/MyTestModule/UnitTests/bin/Release/UnitTests.dll" adapterTypeName="executor://xunit/VsTestRunner3/netfx/" className="UnitTests.Data.Repositories.GenericRepositoryTests" name="Repository_DeleteMissing_DoesNotThrow" />
    </UnitTest>
    <UnitTest name="UnitTests.Data.Repositories.GenericRepositoryTests.Repository_Update_UsesUserId" storage="/home/runner/work/mytestmodule/mytestmodule/unittests/bin/release/unittests.dll" id="c89a5558-29d6-7160-12eb-04b76041b792">
      <Execution id="598088a2-f21d-4c41-8bfe-7912aad0ca2a" />
      <TestMethod codeBase="/home/runner/work/MyTestModule/MyTestModule/UnitTests/bin/Release/UnitTests.dll" adapterTypeName="executor://xunit/VsTestRunner3/netfx/" className="UnitTests.Data.Repositories.GenericRepositoryTests" name="Repository_Update_UsesUserId" />
    </UnitTest>
    <UnitTest name="UnitTests.Controllers.ServiceRouteMapperTests.RegisterRoutes_RegistersAtLestOneRoute" storage="/home/runner/work/mytestmodule/mytestmodule/unittests/bin/release/unittests.dll" id="81cc43d9-8c80-da23-fbb4-6a3d2970824d">
      <Execution id="252b2096-c6b2-4b5e-8082-d4515c419940" />
      <TestMethod codeBase="/home/runner/work/MyTestModule/MyTestModule/UnitTests/bin/Release/UnitTests.dll" adapterTypeName="executor://xunit/VsTestRunner3/netfx/" className="UnitTests.Controllers.ServiceRouteMapperTests" name="RegisterRoutes_RegistersAtLestOneRoute" />
    </UnitTest>
    <UnitTest name="UnitTests.Data.Entities.ItemTests.ItemConstructsProperly" storage="/home/runner/work/mytestmodule/mytestmodule/unittests/bin/release/unittests.dll" id="d0b9e575-496b-d196-31e5-7e4d85411a18">
      <Execution id="bfcd7d4d-706e-4040-9da1-178f9e954868" />
      <TestMethod codeBase="/home/runner/work/MyTestModule/MyTestModule/UnitTests/bin/Release/UnitTests.dll" adapterTypeName="executor://xunit/VsTestRunner3/netfx/" className="UnitTests.Data.Entities.ItemTests" name="ItemConstructsProperly" />
    </UnitTest>
    <UnitTest name="UnitTests.Controllers.ItemControllerTests.UserCanEdit_ReturnsBool(canEdit: False)" storage="/home/runner/work/mytestmodule/mytestmodule/unittests/bin/release/unittests.dll" id="be57a587-ebca-72fa-2f95-7f5a530521d1">
      <Execution id="9d73a754-f04f-473d-9f79-0dca8b98ae3c" />
      <TestMethod codeBase="/home/runner/work/MyTestModule/MyTestModule/UnitTests/bin/Release/UnitTests.dll" adapterTypeName="executor://xunit/VsTestRunner3/netfx/" className="UnitTests.Controllers.ItemControllerTests" name="UserCanEdit_ReturnsBool" />
    </UnitTest>
    <UnitTest name="UnitTests.Data.Repositories.GenericRepositoryTests.GetPage_Pages(page: 1, pageSize: 10, expectedItems: 10, expectedPages: 5)" storage="/home/runner/work/mytestmodule/mytestmodule/unittests/bin/release/unittests.dll" id="74347e3e-a1d8-1a9b-e232-94cd87fba9da">
      <Execution id="5126c6d5-f2af-4f6c-a0b7-cef1fafb7d47" />
      <TestMethod codeBase="/home/runner/work/MyTestModule/MyTestModule/UnitTests/bin/Release/UnitTests.dll" adapterTypeName="executor://xunit/VsTestRunner3/netfx/" className="UnitTests.Data.Repositories.GenericRepositoryTests" name="GetPage_Pages" />
    </UnitTest>
    <UnitTest name="UnitTests.Providers.DateTimeProviderTests.DateTimeProvider_CanBeMocked" storage="/home/runner/work/mytestmodule/mytestmodule/unittests/bin/release/unittests.dll" id="b7610a9b-6030-af40-bb84-d88d1eb15547">
      <Execution id="ea81d882-ec3d-4ea9-9f3d-8462b1f7b189" />
      <TestMethod codeBase="/home/runner/work/MyTestModule/MyTestModule/UnitTests/bin/Release/UnitTests.dll" adapterTypeName="executor://xunit/VsTestRunner3/netfx/" className="UnitTests.Providers.DateTimeProviderTests" name="DateTimeProvider_CanBeMocked" />
    </UnitTest>
    <UnitTest name="UnitTests.Common.Extensions.IQueryableExtensionsTests.Order_OrdersBothWays(descending: False, expected: [1, 2, 3])" storage="/home/runner/work/mytestmodule/mytestmodule/unittests/bin/release/unittests.dll" id="2d6f5baf-662f-deaa-c19f-725a428dae0e">
      <Execution id="62358a74-4953-46d1-bfa1-4398222de8a7" />
      <TestMethod codeBase="/home/runner/work/MyTestModule/MyTestModule/UnitTests/bin/Release/UnitTests.dll" adapterTypeName="executor://xunit/VsTestRunner3/netfx/" className="UnitTests.Common.Extensions.IQueryableExtensionsTests" name="Order_OrdersBothWays" />
    </UnitTest>
    <UnitTest name="UnitTests.Common.GlobalsTests.ModulePrefixIsValid" storage="/home/runner/work/mytestmodule/mytestmodule/unittests/bin/release/unittests.dll" id="4174a4fc-f050-0a80-62f5-57efd360262b">
      <Execution id="85f0c2bc-f65e-47ab-8a99-dac00f8991b1" />
      <TestMethod codeBase="/home/runner/work/MyTestModule/MyTestModule/UnitTests/bin/Release/UnitTests.dll" adapterTypeName="executor://xunit/VsTestRunner3/netfx/" className="UnitTests.Common.GlobalsTests" name="ModulePrefixIsValid" />
    </UnitTest>
    <UnitTest name="UnitTests.Providers.DateTimeProviderTests.DateTimeProvider_ProvidesUtc" storage="/home/runner/work/mytestmodule/mytestmodule/unittests/bin/release/unittests.dll" id="38eae053-145d-f86c-9ed5-dae375692ec3">
      <Execution id="41e17353-696d-46d3-9f11-1de3a0539878" />
      <TestMethod codeBase="/home/runner/work/MyTestModule/MyTestModule/UnitTests/bin/Release/UnitTests.dll" adapterTypeName="executor://xunit/VsTestRunner3/netfx/" className="UnitTests.Providers.DateTimeProviderTests" name="DateTimeProvider_ProvidesUtc" />
    </UnitTest>
    <UnitTest name="UnitTests.Controllers.ItemControllerTests.UserCanEdit_ReturnsBool(canEdit: True)" storage="/home/runner/work/mytestmodule/mytestmodule/unittests/bin/release/unittests.dll" id="8965f0ee-055b-1404-4da2-abe68661a6cd">
      <Execution id="bb4a5a3f-6c71-48f8-930f-899ae63b855f" />
      <TestMethod codeBase="/home/runner/work/MyTestModule/MyTestModule/UnitTests/bin/Release/UnitTests.dll" adapterTypeName="executor://xunit/VsTestRunner3/netfx/" className="UnitTests.Controllers.ItemControllerTests" name="UserCanEdit_ReturnsBool" />
    </UnitTest>
    <UnitTest name="UnitTests.Data.Entities.ItemTests.ItemPropertiesPersist(id: 1, name: &quot;Name1&quot;, description: &quot;Description1&quot;)" storage="/home/runner/work/mytestmodule/mytestmodule/unittests/bin/release/unittests.dll" id="4cdf9f31-7ede-faa6-6ff2-ef333e7d2891">
      <Execution id="60517182-f290-45eb-b304-7a42a810a428" />
      <TestMethod codeBase="/home/runner/work/MyTestModule/MyTestModule/UnitTests/bin/Release/UnitTests.dll" adapterTypeName="executor://xunit/VsTestRunner3/netfx/" className="UnitTests.Data.Entities.ItemTests" name="ItemPropertiesPersist" />
    </UnitTest>
    <UnitTest name="UnitTests.Controllers.ModuleApiControllerTests.CanEdit_DefaultsToFalse" storage="/home/runner/work/mytestmodule/mytestmodule/unittests/bin/release/unittests.dll" id="b2fa0e24-81e1-9083-2786-28263d3bbbcb">
      <Execution id="a58081eb-8142-4283-b2c9-d5c2af8ee5a9" />
      <TestMethod codeBase="/home/runner/work/MyTestModule/MyTestModule/UnitTests/bin/Release/UnitTests.dll" adapterTypeName="executor://xunit/VsTestRunner3/netfx/" className="UnitTests.Controllers.ModuleApiControllerTests" name="CanEdit_DefaultsToFalse" />
    </UnitTest>
    <UnitTest name="UnitTests.Data.Repositories.GenericRepositoryTests.GenericRepositoryGetsAll(iterations: 2)" storage="/home/runner/work/mytestmodule/mytestmodule/unittests/bin/release/unittests.dll" id="e334ac2e-a91d-9592-9a14-6e6af425e889">
      <Execution id="58e29228-08fc-40bd-b51e-c37beb5eaf54" />
      <TestMethod codeBase="/home/runner/work/MyTestModule/MyTestModule/UnitTests/bin/Release/UnitTests.dll" adapterTypeName="executor://xunit/VsTestRunner3/netfx/" className="UnitTests.Data.Repositories.GenericRepositoryTests" name="GenericRepositoryGetsAll" />
    </UnitTest>
    <UnitTest name="UnitTests.Services.Items.ItemServiceTests.CreateItem_Creates" storage="/home/runner/work/mytestmodule/mytestmodule/unittests/bin/release/unittests.dll" id="c08d3024-24a3-dfd7-35fb-0af4da1be41c">
      <Execution id="ddaffd22-9422-4a6b-9048-71d9f4616201" />
      <TestMethod codeBase="/home/runner/work/MyTestModule/MyTestModule/UnitTests/bin/Release/UnitTests.dll" adapterTypeName="executor://xunit/VsTestRunner3/netfx/" className="UnitTests.Services.Items.ItemServiceTests" name="CreateItem_Creates" />
    </UnitTest>
    <UnitTest name="UnitTests.Data.Repositories.GenericRepositoryTests.GenericRepositoryUpdates" storage="/home/runner/work/mytestmodule/mytestmodule/unittests/bin/release/unittests.dll" id="a59558fc-da57-70d4-d51b-006c46a3cd4f">
      <Execution id="09117005-de6e-4fb1-ab63-5ba54bd8fa27" />
      <TestMethod codeBase="/home/runner/work/MyTestModule/MyTestModule/UnitTests/bin/Release/UnitTests.dll" adapterTypeName="executor://xunit/VsTestRunner3/netfx/" className="UnitTests.Data.Repositories.GenericRepositoryTests" name="GenericRepositoryUpdates" />
    </UnitTest>
    <UnitTest name="UnitTests.Services.Items.ItemServiceTests.UpdateItem_Updates" storage="/home/runner/work/mytestmodule/mytestmodule/unittests/bin/release/unittests.dll" id="40d614e6-7e9b-4f95-0203-a116ba8d096e">
      <Execution id="24035100-e3bb-4333-b29f-bdb0a9a11af8" />
      <TestMethod codeBase="/home/runner/work/MyTestModule/MyTestModule/UnitTests/bin/Release/UnitTests.dll" adapterTypeName="executor://xunit/VsTestRunner3/netfx/" className="UnitTests.Services.Items.ItemServiceTests" name="UpdateItem_Updates" />
    </UnitTest>
    <UnitTest name="UnitTests.Services.Items.CreateItemDtoValidatorTests.RequiresName(name: &quot;&quot;)" storage="/home/runner/work/mytestmodule/mytestmodule/unittests/bin/release/unittests.dll" id="b51c1be1-87ad-aecb-5eb0-76972efdcc49">
      <Execution id="3e08a342-2238-49a6-842d-64e4aa0c172e" />
      <TestMethod codeBase="/home/runner/work/MyTestModule/MyTestModule/UnitTests/bin/Release/UnitTests.dll" adapterTypeName="executor://xunit/VsTestRunner3/netfx/" className="UnitTests.Services.Items.CreateItemDtoValidatorTests" name="RequiresName" />
    </UnitTest>
    <UnitTest name="UnitTests.Services.Items.UpdateItemDtoValidatorTests.ValidEntity_ReturnsSuccess" storage="/home/runner/work/mytestmodule/mytestmodule/unittests/bin/release/unittests.dll" id="51955c3e-f169-8197-3589-9f75f3dbe46a">
      <Execution id="0b0983e2-aea3-4856-8f28-a2ff866c6e5a" />
      <TestMethod codeBase="/home/runner/work/MyTestModule/MyTestModule/UnitTests/bin/Release/UnitTests.dll" adapterTypeName="executor://xunit/VsTestRunner3/netfx/" className="UnitTests.Services.Items.UpdateItemDtoValidatorTests" name="ValidEntity_ReturnsSuccess" />
    </UnitTest>
    <UnitTest name="UnitTests.Data.Repositories.GenericRepositoryTests.Repository_Update_DefaultAudit" storage="/home/runner/work/mytestmodule/mytestmodule/unittests/bin/release/unittests.dll" id="3f6312dc-2331-e755-d68a-8de3088e798d">
      <Execution id="4fa5ad28-6a60-4351-9175-da4365dd37c7" />
      <TestMethod codeBase="/home/runner/work/MyTestModule/MyTestModule/UnitTests/bin/Release/UnitTests.dll" adapterTypeName="executor://xunit/VsTestRunner3/netfx/" className="UnitTests.Data.Repositories.GenericRepositoryTests" name="Repository_Update_DefaultAudit" />
    </UnitTest>
    <UnitTest name="UnitTests.Controllers.ItemControllerTests.UpdateItem_Updates" storage="/home/runner/work/mytestmodule/mytestmodule/unittests/bin/release/unittests.dll" id="ed4a8cda-fe0d-51ca-f3c3-34006db5689e">
      <Execution id="ed280d85-448d-4ffc-9f04-af9bf776e8a4" />
      <TestMethod codeBase="/home/runner/work/MyTestModule/MyTestModule/UnitTests/bin/Release/UnitTests.dll" adapterTypeName="executor://xunit/VsTestRunner3/netfx/" className="UnitTests.Controllers.ItemControllerTests" name="UpdateItem_Updates" />
    </UnitTest>
    <UnitTest name="UnitTests.Data.Repositories.GenericRepositoryTests.GetPage_Pages(page: 3, pageSize: 20, expectedItems: 10, expectedPages: 3)" storage="/home/runner/work/mytestmodule/mytestmodule/unittests/bin/release/unittests.dll" id="527c432f-7b9f-89a4-0fdf-51a0955d2f53">
      <Execution id="c915e85c-ae74-4a4e-b260-44878b7f7052" />
      <TestMethod codeBase="/home/runner/work/MyTestModule/MyTestModule/UnitTests/bin/Release/UnitTests.dll" adapterTypeName="executor://xunit/VsTestRunner3/netfx/" className="UnitTests.Data.Repositories.GenericRepositoryTests" name="GetPage_Pages" />
    </UnitTest>
    <UnitTest name="UnitTests.Data.Repositories.GenericRepositoryTests.GenericRepositoryGetsAll(iterations: 3)" storage="/home/runner/work/mytestmodule/mytestmodule/unittests/bin/release/unittests.dll" id="dee71b95-4301-2055-80fa-558f55d588b8">
      <Execution id="cb1f2d7e-cc07-460f-b057-8efe9910ac64" />
      <TestMethod codeBase="/home/runner/work/MyTestModule/MyTestModule/UnitTests/bin/Release/UnitTests.dll" adapterTypeName="executor://xunit/VsTestRunner3/netfx/" className="UnitTests.Data.Repositories.GenericRepositoryTests" name="GenericRepositoryGetsAll" />
    </UnitTest>
    <UnitTest name="UnitTests.Data.Repositories.GenericRepositoryTests.GenericRepositoryGetsAll(iterations: 1)" storage="/home/runner/work/mytestmodule/mytestmodule/unittests/bin/release/unittests.dll" id="20272210-340c-8b95-1194-eff3787f3e46">
      <Execution id="974b8f3d-3f19-4a62-afcc-b5411d94a92d" />
      <TestMethod codeBase="/home/runner/work/MyTestModule/MyTestModule/UnitTests/bin/Release/UnitTests.dll" adapterTypeName="executor://xunit/VsTestRunner3/netfx/" className="UnitTests.Data.Repositories.GenericRepositoryTests" name="GenericRepositoryGetsAll" />
    </UnitTest>
  </TestDefinitions>
  <TestEntries>
    <TestEntry testId="b75181a9-0ec4-2ff3-9e36-471de6d930df" executionId="f3d9cf22-76fc-4ff3-9a3b-99f361562d20" testListId="8c84fa94-04c1-424b-9868-57a2d4851a1d" />
    <TestEntry testId="20272210-340c-8b95-1194-eff3787f3e46" executionId="974b8f3d-3f19-4a62-afcc-b5411d94a92d" testListId="8c84fa94-04c1-424b-9868-57a2d4851a1d" />
    <TestEntry testId="51955c3e-f169-8197-3589-9f75f3dbe46a" executionId="0b0983e2-aea3-4856-8f28-a2ff866c6e5a" testListId="8c84fa94-04c1-424b-9868-57a2d4851a1d" />
    <TestEntry testId="fa8b1269-424e-d13f-7573-eac483855819" executionId="c97f5bdb-02d1-461f-a135-fa57f2dd2c48" testListId="8c84fa94-04c1-424b-9868-57a2d4851a1d" />
    <TestEntry testId="81cc43d9-8c80-da23-fbb4-6a3d2970824d" executionId="252b2096-c6b2-4b5e-8082-d4515c419940" testListId="8c84fa94-04c1-424b-9868-57a2d4851a1d" />
    <TestEntry testId="c08d3024-24a3-dfd7-35fb-0af4da1be41c" executionId="ddaffd22-9422-4a6b-9048-71d9f4616201" testListId="8c84fa94-04c1-424b-9868-57a2d4851a1d" />
    <TestEntry testId="ca2fec35-7917-d8b3-45aa-867bc3628911" executionId="2112f729-73c1-4e64-858a-31092d8d3077" testListId="8c84fa94-04c1-424b-9868-57a2d4851a1d" />
    <TestEntry testId="110cc41d-29a2-9279-99dc-f27a2281aada" executionId="f9eedfcb-4cc8-41a3-a631-8ba97999d744" testListId="8c84fa94-04c1-424b-9868-57a2d4851a1d" />
    <TestEntry testId="36c68f6a-618c-9531-3e2e-cd6a7051a0a0" executionId="ce625779-933b-4cdb-b39f-20ad6dd362f2" testListId="8c84fa94-04c1-424b-9868-57a2d4851a1d" />
    <TestEntry testId="2b9eeefb-40f0-28cc-b56f-d5142407c019" executionId="c1bd071a-bf50-4318-94ae-3e7d77a4b134" testListId="8c84fa94-04c1-424b-9868-57a2d4851a1d" />
    <TestEntry testId="b51c1be1-87ad-aecb-5eb0-76972efdcc49" executionId="3e08a342-2238-49a6-842d-64e4aa0c172e" testListId="8c84fa94-04c1-424b-9868-57a2d4851a1d" />
    <TestEntry testId="a59558fc-da57-70d4-d51b-006c46a3cd4f" executionId="09117005-de6e-4fb1-ab63-5ba54bd8fa27" testListId="8c84fa94-04c1-424b-9868-57a2d4851a1d" />
    <TestEntry testId="8965f0ee-055b-1404-4da2-abe68661a6cd" executionId="bb4a5a3f-6c71-48f8-930f-899ae63b855f" testListId="8c84fa94-04c1-424b-9868-57a2d4851a1d" />
    <TestEntry testId="bd3351a7-b43b-1510-2d3f-11bb62aa88d7" executionId="a693ebab-1e47-455b-8253-82d6ba8a7135" testListId="8c84fa94-04c1-424b-9868-57a2d4851a1d" />
    <TestEntry testId="60e43152-7193-1c31-7a7d-2c2ca162fc43" executionId="fa6c7e6a-0af4-4ece-84e3-e943d2b74263" testListId="8c84fa94-04c1-424b-9868-57a2d4851a1d" />
    <TestEntry testId="b7610a9b-6030-af40-bb84-d88d1eb15547" executionId="ea81d882-ec3d-4ea9-9f3d-8462b1f7b189" testListId="8c84fa94-04c1-424b-9868-57a2d4851a1d" />
    <TestEntry testId="9836b323-2c87-fb96-c166-3e83946077c2" executionId="f08f715e-c10d-4ae5-97db-a5bfcbf751eb" testListId="8c84fa94-04c1-424b-9868-57a2d4851a1d" />
    <TestEntry testId="dee71b95-4301-2055-80fa-558f55d588b8" executionId="cb1f2d7e-cc07-460f-b057-8efe9910ac64" testListId="8c84fa94-04c1-424b-9868-57a2d4851a1d" />
    <TestEntry testId="c89a5558-29d6-7160-12eb-04b76041b792" executionId="598088a2-f21d-4c41-8bfe-7912aad0ca2a" testListId="8c84fa94-04c1-424b-9868-57a2d4851a1d" />
    <TestEntry testId="e334ac2e-a91d-9592-9a14-6e6af425e889" executionId="58e29228-08fc-40bd-b51e-c37beb5eaf54" testListId="8c84fa94-04c1-424b-9868-57a2d4851a1d" />
    <TestEntry testId="32043394-70a0-5941-8429-df4a4a35fb7f" executionId="b9b83c77-b16c-4e42-961e-4075bcab8bc5" testListId="8c84fa94-04c1-424b-9868-57a2d4851a1d" />
    <TestEntry testId="3f6312dc-2331-e755-d68a-8de3088e798d" executionId="4fa5ad28-6a60-4351-9175-da4365dd37c7" testListId="8c84fa94-04c1-424b-9868-57a2d4851a1d" />
    <TestEntry testId="03af56e2-e8a0-255f-2502-d04084f84c6d" executionId="8e0bcbde-5c6d-4fce-987a-59adca48ee59" testListId="8c84fa94-04c1-424b-9868-57a2d4851a1d" />
    <TestEntry testId="4174a4fc-f050-0a80-62f5-57efd360262b" executionId="85f0c2bc-f65e-47ab-8a99-dac00f8991b1" testListId="8c84fa94-04c1-424b-9868-57a2d4851a1d" />
    <TestEntry testId="d7aeee62-ca8d-2ca5-79b2-258e190e2d14" executionId="429dd3ce-7a1a-44c0-9f17-f853aa4d7665" testListId="8c84fa94-04c1-424b-9868-57a2d4851a1d" />
    <TestEntry testId="ceeab19c-71f0-e90d-77bc-1c6fd0f8b27b" executionId="0328e2a3-cedb-428b-b408-a73c27b4917e" testListId="8c84fa94-04c1-424b-9868-57a2d4851a1d" />
    <TestEntry testId="53f95eb7-2fb5-a3ce-2c24-38ae34e88303" executionId="db8d69b9-8355-4b18-8c13-41944afef3c3" testListId="8c84fa94-04c1-424b-9868-57a2d4851a1d" />
    <TestEntry testId="d031b1ae-c025-163d-f616-e9ba53dfebad" executionId="f28e25b4-c3b3-4e57-bd41-71f22b72cd0c" testListId="8c84fa94-04c1-424b-9868-57a2d4851a1d" />
    <TestEntry testId="87b4ff81-51c2-93a0-390e-114c682b8959" executionId="b25a5796-3025-4be5-8cf3-d38692308ab2" testListId="8c84fa94-04c1-424b-9868-57a2d4851a1d" />
    <TestEntry testId="051fc54f-7074-2910-0417-4c911d54f4b2" executionId="641845e6-0a1e-4d66-b0b6-65f552fa9279" testListId="8c84fa94-04c1-424b-9868-57a2d4851a1d" />
    <TestEntry testId="74347e3e-a1d8-1a9b-e232-94cd87fba9da" executionId="5126c6d5-f2af-4f6c-a0b7-cef1fafb7d47" testListId="8c84fa94-04c1-424b-9868-57a2d4851a1d" />
    <TestEntry testId="ae436c36-f02d-230f-1c4c-60b211d751da" executionId="1bd9b74c-300a-4cc3-ad08-5dbc543cebfa" testListId="8c84fa94-04c1-424b-9868-57a2d4851a1d" />
    <TestEntry testId="59704e7b-f8f7-ace3-2612-2279b1ecd6cb" executionId="413109c6-6d93-491c-971f-e6990c5dfadd" testListId="8c84fa94-04c1-424b-9868-57a2d4851a1d" />
    <TestEntry testId="f7bc6bd9-0c55-06bc-3749-64e5f6cece81" executionId="cffc3203-8bc2-4fec-b2e6-38f60b80c30e" testListId="8c84fa94-04c1-424b-9868-57a2d4851a1d" />
    <TestEntry testId="0c7f8f8e-c0a3-2b29-c8d9-d587166b0547" executionId="1d9df825-3d72-45a9-8207-cb8a28afe9db" testListId="8c84fa94-04c1-424b-9868-57a2d4851a1d" />
    <TestEntry testId="5abb8e89-1550-5788-8877-7b81d83404bf" executionId="810efe5d-0627-4814-8313-81d648fcc6e8" testListId="8c84fa94-04c1-424b-9868-57a2d4851a1d" />
    <TestEntry testId="ed4a8cda-fe0d-51ca-f3c3-34006db5689e" executionId="ed280d85-448d-4ffc-9f04-af9bf776e8a4" testListId="8c84fa94-04c1-424b-9868-57a2d4851a1d" />
    <TestEntry testId="214564bd-ea08-a328-310a-6f9c8571a9e3" executionId="585964d2-131d-4571-ba33-7334cbb81f49" testListId="8c84fa94-04c1-424b-9868-57a2d4851a1d" />
    <TestEntry testId="c38d13c8-0943-0152-9d1f-27d7829b57da" executionId="bb2176eb-7453-4cc2-9fd2-f7358b500e12" testListId="8c84fa94-04c1-424b-9868-57a2d4851a1d" />
    <TestEntry testId="fa343bff-97c2-1efc-efd2-918bb0a79a3b" executionId="25a46bda-c801-4f27-a24f-c2c015a898bc" testListId="8c84fa94-04c1-424b-9868-57a2d4851a1d" />
    <TestEntry testId="e8de6daf-b2f9-f07b-7db1-d7750158f399" executionId="1f330a99-ac6f-40ae-8bd8-384b4b7a308b" testListId="8c84fa94-04c1-424b-9868-57a2d4851a1d" />
    <TestEntry testId="3b626e8b-142a-393c-5391-e3c388a41a28" executionId="d4853339-528e-41f6-bd00-834db67a5e65" testListId="8c84fa94-04c1-424b-9868-57a2d4851a1d" />
    <TestEntry testId="27566079-9486-e3c1-6494-91ca9ae44d79" executionId="7620ee55-af29-4771-b0e7-2720a5af578b" testListId="8c84fa94-04c1-424b-9868-57a2d4851a1d" />
    <TestEntry testId="be57a587-ebca-72fa-2f95-7f5a530521d1" executionId="9d73a754-f04f-473d-9f79-0dca8b98ae3c" testListId="8c84fa94-04c1-424b-9868-57a2d4851a1d" />
    <TestEntry testId="b2fa0e24-81e1-9083-2786-28263d3bbbcb" executionId="a58081eb-8142-4283-b2c9-d5c2af8ee5a9" testListId="8c84fa94-04c1-424b-9868-57a2d4851a1d" />
    <TestEntry testId="7d8112bd-f2c4-bfd9-ece4-ecb8a2c232fb" executionId="9d6094d3-cad4-4961-8427-7969a9b3a814" testListId="8c84fa94-04c1-424b-9868-57a2d4851a1d" />
    <TestEntry testId="d0b9e575-496b-d196-31e5-7e4d85411a18" executionId="bfcd7d4d-706e-4040-9da1-178f9e954868" testListId="8c84fa94-04c1-424b-9868-57a2d4851a1d" />
    <TestEntry testId="40d614e6-7e9b-4f95-0203-a116ba8d096e" executionId="24035100-e3bb-4333-b29f-bdb0a9a11af8" testListId="8c84fa94-04c1-424b-9868-57a2d4851a1d" />
    <TestEntry testId="d527f5d7-05c2-a5da-93c5-f2bb4391f844" executionId="522b506a-fb65-4658-a1ac-9fc5085a5400" testListId="8c84fa94-04c1-424b-9868-57a2d4851a1d" />
    <TestEntry testId="082ec871-5a59-802f-3256-844756fbe9b1" executionId="18547449-73f9-4acd-932a-aaf1725d1452" testListId="8c84fa94-04c1-424b-9868-57a2d4851a1d" />
    <TestEntry testId="5c304853-2900-2d00-f979-1d471ea6280b" executionId="ca124d1e-0e5b-47c7-afe7-9c09c1b186f9" testListId="8c84fa94-04c1-424b-9868-57a2d4851a1d" />
    <TestEntry testId="4cdf9f31-7ede-faa6-6ff2-ef333e7d2891" executionId="60517182-f290-45eb-b304-7a42a810a428" testListId="8c84fa94-04c1-424b-9868-57a2d4851a1d" />
    <TestEntry testId="38eae053-145d-f86c-9ed5-dae375692ec3" executionId="41e17353-696d-46d3-9f11-1de3a0539878" testListId="8c84fa94-04c1-424b-9868-57a2d4851a1d" />
    <TestEntry testId="2d6f5baf-662f-deaa-c19f-725a428dae0e" executionId="62358a74-4953-46d1-bfa1-4398222de8a7" testListId="8c84fa94-04c1-424b-9868-57a2d4851a1d" />
    <TestEntry testId="527c432f-7b9f-89a4-0fdf-51a0955d2f53" executionId="c915e85c-ae74-4a4e-b260-44878b7f7052" testListId="8c84fa94-04c1-424b-9868-57a2d4851a1d" />
    <TestEntry testId="a186e957-56e4-65e4-f837-8d9c700b6a34" executionId="f7ecdd2b-7e3a-4bf7-bc0a-85249e77a84a" testListId="8c84fa94-04c1-424b-9868-57a2d4851a1d" />
  </TestEntries>
  <TestLists>
    <TestList name="Results Not in a List" id="8c84fa94-04c1-424b-9868-57a2d4851a1d" />
    <TestList name="All Loaded Results" id="19431567-8539-422a-85d7-44ee4e166bda" />
  </TestLists>
  <ResultSummary outcome="Completed">
    <Counters total="56" executed="56" passed="56" failed="0" error="0" timeout="0" aborted="0" inconclusive="0" passedButRunAborted="0" notRunnable="0" notExecuted="0" disconnected="0" warning="0" completed="0" inProgress="0" pending="0" />
    <Output>
      <StdOut>[xUnit.net 00:00:00.00] xUnit.net VSTest Adapter v3.1.5+1b188a7b0a (64-bit Mono 6.12.0.200 (tarball Tue Jul 11 21:37:50 UTC 2023))
[xUnit.net 00:00:00.58]   Discovering: UnitTests
[xUnit.net 00:00:01.48]   Discovered:  UnitTests
[xUnit.net 00:00:01.60]   Starting:    UnitTests
[xUnit.net 00:00:05.03]   Finished:    UnitTests
</StdOut>
    </Output>
  </ResultSummary>
</TestRun>